// Vitest Snapshot v1, https://vitest.dev/guide/snapshot.html

exports[`NotAuthorizedPage Component > matches the snapshot 1`] = `
<DocumentFragment>
  <div>
    <h1>
      403 - Not Authorized
    </h1>
    <p>
      You do not have permission to access this page.
    </p>
  </div>
</DocumentFragment>
`;
