// Vitest Snapshot v1, https://vitest.dev/guide/snapshot.html

exports[`Login Component > matches the snapshot 1`] = `
<DocumentFragment>
  <div
    class="flex items-center justify-center min-h-screen bg-gradient-to-b from-preschoolPrimary to-preschoolPrimaryLight"
  >
    <form
      class="flex flex-col gap-5 items-center bg-white rounded-md p-10"
    >
      <img
        alt="logo"
        height="150"
        src="/src/assets/logo.svg"
        width="150"
      />
      <div
        class="flex flex-col gap-2"
      >
        <label
          class="text-xs text-gray-500"
          for="email"
        >
          Email:
        </label>
        <input
          class="border border-solid border-gray-500 rounded-[5px] p-1 text-gray-500 focus:border-preschoolPrimary focus:bg-gray-100 focus:outline-none"
          id="email"
          required=""
          type="text"
          value=""
        />
      </div>
      <div
        class="flex flex-col gap-2"
      >
        <label
          class="text-xs text-gray-500"
          for="password"
        >
          Password:
        </label>
        <input
          class="border border-solid border-gray-500 rounded-[5px] p-1 text-gray-500 focus:border-preschoolPrimary focus:bg-gray-100 focus:outline-none"
          id="password"
          required=""
          type="password"
          value=""
        />
      </div>
      <button
        class="py-2 px-5 text-gray-500 border border-solid border-preschoolPrimary rounded-[5px] hover:bg-preschoolPrimary hover:text-white"
        type="submit"
      >
        Log In
      </button>
      <div
        class="flex gap-2"
      >
        <span
          class="text-xs"
        >
          Don't have an account?
        </span>
        <a
          class="text-xs text-preschoolPrimary cursor-pointer"
          data-discover="true"
          href="/register"
        >
          Register me
        </a>
      </div>
    </form>
  </div>
</DocumentFragment>
`;
